Generating Mesh	12.8349
Generating Mesh\Assigning Materials 	0.905768
Generating Mesh\Reading Design 	3.7062
Generating Mesh\Reading Design \Reading Design	2.71103
Generating Mesh\Reading Design \Reading Design\Do Smart Slicing	0.0057764
Generating Mesh\Reading Design \Reading Design\Simplifying Design	2.32245
Generating Mesh\Refining Surface Mesh	6.73598
Generating Mesh\Refining Surface Mesh\Checking via	0.0017975
Generating Mesh\Refining Surface Mesh\Convert Local Mesh to Global Mesh	0.322945
Generating Mesh\Refining Surface Mesh\Detecting Connectivity Problems	0.0791751
Generating Mesh\Refining Surface Mesh\Insert pins MT	3.39883
Generating Mesh\Refining Surface Mesh\Locating Pins	0.101163
Generating Mesh\Refining Surface Mesh\Locating Pins\Locating instances on layers	0.0763486
Generating Mesh\Refining Surface Mesh\Locating Pins\Locating pins on layers	0.0247809
Generating Mesh\Refining Surface Mesh\Looking for Electrically Isolated Patches 	0.182213
Generating Mesh\Refining Surface Mesh\Mark electrical interconnects	0.21223
Generating Mesh\Refining Surface Mesh\Marking Degenerate Elements	0.0512708
Generating Mesh\Refining Surface Mesh\Marking Vias	0.0701903
Generating Mesh\Refining Surface Mesh\Marking thickness for non-circular vias	0.0082489
Generating Mesh\Refining Surface Mesh\Pruning Surface Mesh 	0.222893
Generating Mesh\Refining Surface Mesh\Recovering surface attributes 	0.0196223
Generating Mesh\Refining Surface Mesh\Writing ASCII surface mesh file 	1.81648
Generating Mesh\Refining Surface Mesh\Writing BINARY surface mesh file 	0.134191
Generating Mesh\SurfaceMesher	1.46844
Generating Mesh\SurfaceMesher\Generating surface mesh 	1.42899
Generating Mesh\SurfaceMesher\Generating surface mesh \Checking surface mesh consistency	0.0600016
Generating Mesh\SurfaceMesher\Generating surface mesh \Computing Aabbs	0.0139126
Generating Mesh\SurfaceMesher\Generating surface mesh \Convert Global Mesh into Local Meshes	0.27242
Generating Mesh\SurfaceMesher\Generating surface mesh \Convert Global Mesh into Local Meshes\Stabilizing mesh	0.001573
Generating Mesh\SurfaceMesher\Generating surface mesh \Faceting	1.05407
Generating Mesh\SurfaceMesher\Generating surface mesh \Faceting\1D faceting	0.405752
Generating Mesh\SurfaceMesher\Generating surface mesh \Faceting\1D faceting\1D meshing	0.335577
Generating Mesh\SurfaceMesher\Generating surface mesh \Faceting\2D faceting	0.602484
Generating Mesh\SurfaceMesher\Generating surface mesh \Faceting\2D faceting\2D meshing	0.602464
